Copyright 1986-2018 Xilinx, Inc. All Rights Reserved.
-----------------------------------------------------------------------------------------------------------------------------------------------------------------------------------
| Tool Version : Vivado v.2018.2 (win64) Build 2258646 Thu Jun 14 20:03:12 MDT 2018
| Date         : Sun Mar 29 11:07:05 2026
| Host         : DESKTOP-QOVO705 running 64-bit major release  (build 9200)
| Command      : report_methodology -file mcs_top_vanilla_methodology_drc_routed.rpt -pb mcs_top_vanilla_methodology_drc_routed.pb -rpx mcs_top_vanilla_methodology_drc_routed.rpx
| Design       : mcs_top_vanilla
| Device       : xc7a35tfgg484-2
| Speed File   : -2
| Design State : Routed
-----------------------------------------------------------------------------------------------------------------------------------------------------------------------------------

Report Methodology

Table of Contents
-----------------
1. REPORT SUMMARY
2. REPORT DETAILS

1. REPORT SUMMARY
-----------------
            Netlist: netlist
          Floorplan: design_1
      Design limits: <entire design considered>
             Max violations: <unlimited>
             Violations found: 9
+----------+----------+------------------------------+------------+
| Rule     | Severity | Description                  | Violations |
+----------+----------+------------------------------+------------+
| LUTAR-1  | Warning  | LUT drives async reset alert | 8          |
| TIMING-9 | Warning  | Unknown CDC Logic            | 1          |
+----------+----------+------------------------------+------------+

2. REPORT DETAILS
-----------------
LUTAR-1#1 Warning
LUT drives async reset alert  
LUT cell u_clock_gen/FSM_sequential_CS[1]_i_2, with 2 or more inputs, drives asynchronous preset/clear pin(s) u_mmio_unit/u_timer_slot0/counter_reg_reg[0]/CLR, u_mmio_unit/u_timer_slot0/counter_reg_reg[10]/CLR, u_mmio_unit/u_timer_slot0/counter_reg_reg[11]/CLR, u_mmio_unit/u_timer_slot0/counter_reg_reg[12]/CLR, u_mmio_unit/u_timer_slot0/counter_reg_reg[13]/CLR, u_mmio_unit/u_timer_slot0/counter_reg_reg[14]/CLR, u_mmio_unit/u_timer_slot0/counter_reg_reg[15]/CLR, u_mmio_unit/u_timer_slot0/counter_reg_reg[16]/CLR, u_mmio_unit/u_timer_slot0/counter_reg_reg[17]/CLR, u_mmio_unit/u_timer_slot0/counter_reg_reg[18]/CLR, u_mmio_unit/u_timer_slot0/counter_reg_reg[19]/CLR, u_mmio_unit/u_timer_slot0/counter_reg_reg[1]/CLR, u_mmio_unit/u_timer_slot0/counter_reg_reg[20]/CLR, u_mmio_unit/u_timer_slot0/counter_reg_reg[21]/CLR, u_mmio_unit/u_timer_slot0/counter_reg_reg[22]/CLR (the first 15 of 105 listed). The LUT may glitch and trigger an unexpected reset, even if it is a properly timed path.
Related violations: <none>

LUTAR-1#2 Warning
LUT drives async reset alert  
LUT cell u_clock_gen/FSM_sequential_CS[1]_i_2__0, with 2 or more inputs, drives asynchronous preset/clear pin(s) u_mmio_unit/u_sw_slot3/gpi_reg_reg[10]/CLR, u_mmio_unit/u_sw_slot3/gpi_reg_reg[11]/CLR, u_mmio_unit/u_sw_slot3/gpi_reg_reg[12]/CLR, u_mmio_unit/u_sw_slot3/gpi_reg_reg[13]/CLR, u_mmio_unit/u_sw_slot3/gpi_reg_reg[14]/CLR, u_mmio_unit/u_sw_slot3/gpi_reg_reg[9]/CLR, u_mmio_unit/u_uart_slot1/dvsr_reg_reg[0]/CLR, u_mmio_unit/u_uart_slot1/dvsr_reg_reg[1]/CLR, u_mmio_unit/u_uart_slot1/dvsr_reg_reg[2]/CLR, u_mmio_unit/u_uart_slot1/dvsr_reg_reg[3]/CLR, u_mmio_unit/u_uart_slot1/dvsr_reg_reg[4]/CLR, u_mmio_unit/u_uart_slot1/dvsr_reg_reg[5]/CLR, u_mmio_unit/u_uart_slot1/dvsr_reg_reg[6]/CLR, u_mmio_unit/u_uart_slot1/dvsr_reg_reg[7]/CLR, u_mmio_unit/u_uart_slot1/dvsr_reg_reg[8]/CLR (the first 15 of 105 listed). The LUT may glitch and trigger an unexpected reset, even if it is a properly timed path.
Related violations: <none>

LUTAR-1#3 Warning
LUT drives async reset alert  
LUT cell u_clock_gen/gpo_reg[5]_i_2, with 2 or more inputs, drives asynchronous preset/clear pin(s) u_mmio_unit/u_led_slot2/gpo_reg_reg[0]/CLR, u_mmio_unit/u_led_slot2/gpo_reg_reg[1]/CLR, u_mmio_unit/u_led_slot2/gpo_reg_reg[2]/CLR, u_mmio_unit/u_led_slot2/gpo_reg_reg[3]/CLR, u_mmio_unit/u_led_slot2/gpo_reg_reg[4]/CLR, u_mmio_unit/u_led_slot2/gpo_reg_reg[5]/CLR, u_mmio_unit/u_pwm_slot6/d_reg_reg[0]/CLR, u_mmio_unit/u_pwm_slot6/d_reg_reg[1]/CLR, u_mmio_unit/u_pwm_slot6/d_reg_reg[2]/CLR, u_mmio_unit/u_pwm_slot6/d_reg_reg[3]/CLR, u_mmio_unit/u_pwm_slot6/d_reg_reg[4]/CLR, u_mmio_unit/u_pwm_slot6/d_reg_reg[5]/CLR, u_mmio_unit/u_pwm_slot6/d_reg_reg[6]/CLR, u_mmio_unit/u_pwm_slot6/d_reg_reg[7]/CLR, u_mmio_unit/u_pwm_slot6/d_reg_reg[8]/CLR (the first 15 of 88 listed). The LUT may glitch and trigger an unexpected reset, even if it is a properly timed path.
Related violations: <none>

LUTAR-1#4 Warning
LUT drives async reset alert  
LUT cell u_clock_gen/tx_reg_i_2, with 2 or more inputs, drives asynchronous preset/clear pin(s) u_mmio_unit/u_pwm_slot6/dvsr_reg_reg[0]/CLR, u_mmio_unit/u_pwm_slot6/dvsr_reg_reg[10]/CLR, u_mmio_unit/u_pwm_slot6/dvsr_reg_reg[11]/CLR, u_mmio_unit/u_pwm_slot6/dvsr_reg_reg[12]/CLR, u_mmio_unit/u_pwm_slot6/dvsr_reg_reg[13]/CLR, u_mmio_unit/u_pwm_slot6/dvsr_reg_reg[14]/CLR, u_mmio_unit/u_pwm_slot6/dvsr_reg_reg[15]/CLR, u_mmio_unit/u_pwm_slot6/dvsr_reg_reg[16]/CLR, u_mmio_unit/u_pwm_slot6/dvsr_reg_reg[17]/CLR, u_mmio_unit/u_pwm_slot6/dvsr_reg_reg[18]/CLR, u_mmio_unit/u_pwm_slot6/dvsr_reg_reg[19]/CLR, u_mmio_unit/u_pwm_slot6/dvsr_reg_reg[1]/CLR, u_mmio_unit/u_pwm_slot6/dvsr_reg_reg[20]/CLR, u_mmio_unit/u_pwm_slot6/dvsr_reg_reg[21]/CLR, u_mmio_unit/u_pwm_slot6/dvsr_reg_reg[22]/CLR (the first 15 of 66 listed). The LUT may glitch and trigger an unexpected reset, even if it is a properly timed path.
Related violations: <none>

LUTAR-1#5 Warning
LUT drives async reset alert  
LUT cell u_cpu_unit/cpu_i/microblaze_mcs_0/inst/mdm_0/U0/MDM_Core_I1/JTAG_CONTROL_I/sel_n_i_2, with 2 or more inputs, drives asynchronous preset/clear pin(s) u_cpu_unit/cpu_i/microblaze_mcs_0/inst/mdm_0/U0/MDM_Core_I1/JTAG_CONTROL_I/sel_n_reg/PRE. The LUT may glitch and trigger an unexpected reset, even if it is a properly timed path.
Related violations: <none>

LUTAR-1#6 Warning
LUT drives async reset alert  
LUT cell u_cpu_unit/cpu_i/microblaze_mcs_0/inst/microblaze_I/U0/MicroBlaze_Core_I/Area.Core/Decode_I/Serial_Dbg_Intf.dbg_wakeup_i_i_2, with 2 or more inputs, drives asynchronous preset/clear pin(s) u_cpu_unit/cpu_i/microblaze_mcs_0/inst/microblaze_I/U0/MicroBlaze_Core_I/Area.Core/Implement_Debug_Logic.Master_Core.Debug_Area/Serial_Dbg_Intf.dbg_wakeup_i_reg/CLR. The LUT may glitch and trigger an unexpected reset, even if it is a properly timed path.
Related violations: <none>

LUTAR-1#7 Warning
LUT drives async reset alert  
LUT cell u_cpu_unit/cpu_i/microblaze_mcs_0/inst/microblaze_I/U0/MicroBlaze_Core_I/Area.Core/Implement_Debug_Logic.Master_Core.Debug_Area/Serial_Dbg_Intf.force_stop_TClk_i_1, with 2 or more inputs, drives asynchronous preset/clear pin(s) u_cpu_unit/cpu_i/microblaze_mcs_0/inst/microblaze_I/U0/MicroBlaze_Core_I/Area.Core/Implement_Debug_Logic.Master_Core.Debug_Area/Serial_Dbg_Intf.force_stop_TClk_reg/CLR. The LUT may glitch and trigger an unexpected reset, even if it is a properly timed path.
Related violations: <none>

LUTAR-1#8 Warning
LUT drives async reset alert  
LUT cell u_cpu_unit/cpu_i/microblaze_mcs_0/inst/microblaze_I/U0/MicroBlaze_Core_I/Area.Core/Implement_Debug_Logic.Master_Core.Debug_Area/Serial_Dbg_Intf.normal_stop_TClk_i_1, with 2 or more inputs, drives asynchronous preset/clear pin(s) u_cpu_unit/cpu_i/microblaze_mcs_0/inst/microblaze_I/U0/MicroBlaze_Core_I/Area.Core/Implement_Debug_Logic.Master_Core.Debug_Area/Serial_Dbg_Intf.normal_stop_TClk_reg/CLR. The LUT may glitch and trigger an unexpected reset, even if it is a properly timed path.
Related violations: <none>

TIMING-9#1 Warning
Unknown CDC Logic  
One or more asynchronous Clock Domain Crossing has been detected between 2 clock domains through a set_false_path or a set_clock_groups or set_max_delay -datapath_only constraint but no double-registers logic synchronizer has been found on the side of the capture clock. It is recommended to run report_cdc for a complete and detailed CDC coverage. Please consider using XPM_CDC to avoid Critical severities
Related violations: <none>


