Copyright 1986-2018 Xilinx, Inc. All Rights Reserved.
--------------------------------------------------------------------------------------------
| Tool Version : Vivado v.2018.2 (win64) Build 2258646 Thu Jun 14 20:03:12 MDT 2018
| Date         : Sun Mar 29 11:06:22 2026
| Host         : DESKTOP-QOVO705 running 64-bit major release  (build 9200)
| Command      : report_control_sets -verbose -file mcs_top_vanilla_control_sets_placed.rpt
| Design       : mcs_top_vanilla
| Device       : xc7a35t
--------------------------------------------------------------------------------------------

Control Set Information

Table of Contents
-----------------
1. Summary
2. Histogram
3. Flip-Flop Distribution
4. Detailed Control Set Information

1. Summary
----------

+----------------------------------------------------------+-------+
|                          Status                          | Count |
+----------------------------------------------------------+-------+
| Number of unique control sets                            |    89 |
| Unused register locations in slices containing registers |   232 |
+----------------------------------------------------------+-------+


2. Histogram
------------

+--------+--------------+
| Fanout | Control Sets |
+--------+--------------+
|      2 |           16 |
|      4 |            5 |
|      6 |            2 |
|      8 |           11 |
|     10 |            1 |
|     12 |           11 |
|    16+ |           43 |
+--------+--------------+


3. Flip-Flop Distribution
-------------------------

+--------------+-----------------------+------------------------+-----------------+--------------+
| Clock Enable | Synchronous Set/Reset | Asynchronous Set/Reset | Total Registers | Total Slices |
+--------------+-----------------------+------------------------+-----------------+--------------+
| No           | No                    | No                     |             342 |           67 |
| No           | No                    | Yes                    |             202 |           34 |
| No           | Yes                   | No                     |             260 |           45 |
| Yes          | No                    | No                     |             362 |           61 |
| Yes          | No                    | Yes                    |             616 |           79 |
| Yes          | Yes                   | No                     |             450 |           66 |
+--------------+-----------------------+------------------------+-----------------+--------------+


4. Detailed Control Set Information
-----------------------------------

+-----------------------------------------------------------------------------------------+---------------------------------------------------------------------------------------------------------------------------------------------------------------------------------------------------------------------------------------+---------------------------------------------------------------------------------------------------------------------------------------------------------------------------------------------------------+------------------+----------------+
|                                       Clock Signal                                      |                                                                                                             Enable Signal                                                                                                             |                                                                                             Set/Reset Signal                                                                                            | Slice Load Count | Bel Load Count |
+-----------------------------------------------------------------------------------------+---------------------------------------------------------------------------------------------------------------------------------------------------------------------------------------------------------------------------------------+---------------------------------------------------------------------------------------------------------------------------------------------------------------------------------------------------------+------------------+----------------+
|  u_clock_gen/clock_i/clk_wiz_0/inst/clk_out1                                            |                                                                                                                                                                                                                                       | u_cpu_unit/cpu_i/microblaze_mcs_0/inst/microblaze_I/U0/MicroBlaze_Core_I/Area.Core/Implement_Debug_Logic.Master_Core.Debug_Area/Area_Debug_Control.Stop_CPU_FDRSE/Using_FPGA.Native_i_1__74_n_0         |                1 |              2 |
|  u_clock_gen/clock_i/clk_wiz_0/inst/clk_out1                                            | u_cpu_unit/gpi_reg_reg[0][0]                                                                                                                                                                                                          | u_clock_gen/tx_reg_reg                                                                                                                                                                                  |                1 |              2 |
| ~u_cpu_unit/cpu_i/microblaze_mcs_0/inst/mdm_0/U0/No_Dbg_Reg_Access.BUFG_DRCK/Dbg_Clk_31 | u_cpu_unit/cpu_i/microblaze_mcs_0/inst/mdm_0/U0/MDM_Core_I1/JTAG_CONTROL_I/Use_BSCAN.FDC_I/CE                                                                                                                                         | u_cpu_unit/cpu_i/microblaze_mcs_0/inst/mdm_0/U0/MDM_Core_I1/JTAG_CONTROL_I/Use_BSCAN.FDC_I/D_1                                                                                                          |                1 |              2 |
|  u_clock_gen/clock_i/clk_wiz_0/inst/clk_out1                                            | u_cpu_unit/cpu_i/microblaze_mcs_0/inst/microblaze_I/U0/MicroBlaze_Core_I/Area.Core/Decode_I/MTSMSR_Write                                                                                                                              | u_cpu_unit/cpu_i/microblaze_mcs_0/inst/microblaze_I/U0/MicroBlaze_Core_I/sync_reset                                                                                                                     |                1 |              2 |
|  u_cpu_unit/cpu_i/microblaze_mcs_0/inst/mdm_0/U0/Use_E2.BSCAN_I/Ext_JTAG_UPDATE         | u_cpu_unit/cpu_i/microblaze_mcs_0/inst/microblaze_I/U0/MicroBlaze_Core_I/Area.Core/Implement_Debug_Logic.Master_Core.Debug_Area/Control_Reg_En                                                                                        | u_cpu_unit/cpu_i/microblaze_mcs_0/inst/microblaze_I/U0/MicroBlaze_Core_I/Area.Core/Implement_Debug_Logic.Master_Core.Debug_Area/Serial_Dbg_Intf.continue_from_brk_reg_n_0                               |                1 |              2 |
|  u_clock_gen/clock_i/clk_wiz_0/inst/clk_out1                                            |                                                                                                                                                                                                                                       | u_cpu_unit/cpu_i/microblaze_mcs_0/inst/microblaze_I/U0/MicroBlaze_Core_I/Area.Core/Implement_Debug_Logic.Master_Core.Debug_Area/Area_Debug_Control.Stop_Instr_Fetch_FDRSE/Using_FPGA.Native_i_1__58_n_0 |                1 |              2 |
|  u_cpu_unit/cpu_i/microblaze_mcs_0/inst/mdm_0/U0/Use_E2.BSCAN_I/Ext_JTAG_UPDATE         | u_cpu_unit/cpu_i/microblaze_mcs_0/inst/microblaze_I/U0/MicroBlaze_Core_I/Area.Core/Implement_Debug_Logic.Master_Core.Debug_Area/Control_Reg_En                                                                                        | u_cpu_unit/cpu_i/microblaze_mcs_0/inst/microblaze_I/U0/MicroBlaze_Core_I/Area.Core/Decode_I/no_sleeping1_out                                                                                            |                1 |              2 |
|  u_clock_gen/clock_i/clk_wiz_0/inst/clk_out1                                            |                                                                                                                                                                                                                                       | u_cpu_unit/cpu_i/microblaze_mcs_0/inst/microblaze_I/U0/MicroBlaze_Core_I/Area.Core/Decode_I/Using_FPGA.New_Carry_MUXCY/Using_FPGA.Native_0                                                              |                1 |              2 |
|  u_clock_gen/clock_i/clk_wiz_0/inst/clk_out1                                            |                                                                                                                                                                                                                                       | u_cpu_unit/cpu_i/microblaze_mcs_0/inst/microblaze_I/U0/MicroBlaze_Core_I/Area.Core/Decode_I/MSR_Rst                                                                                                     |                1 |              2 |
|  u_clock_gen/clock_i/clk_wiz_0/inst/clk_out1                                            |                                                                                                                                                                                                                                       | u_cpu_unit/cpu_i/microblaze_mcs_0/inst/microblaze_I/U0/MicroBlaze_Core_I/Area.Core/Implement_Debug_Logic.Master_Core.Debug_Area/Area_Debug_Control.Dbg_Inhibit_EX_FDRSE/Using_FPGA.Native_i_1__75_n_0   |                1 |              2 |
|  u_cpu_unit/cpu_i/microblaze_mcs_0/inst/mdm_0/U0/Use_E2.BSCAN_I/Ext_JTAG_UPDATE         | u_cpu_unit/cpu_i/microblaze_mcs_0/inst/microblaze_I/U0/MicroBlaze_Core_I/Area.Core/Implement_Debug_Logic.Master_Core.Debug_Area/Control_Reg_En                                                                                        | u_cpu_unit/cpu_i/microblaze_mcs_0/inst/microblaze_I/U0/MicroBlaze_Core_I/Area.Core/Implement_Debug_Logic.Master_Core.Debug_Area/normal_stop_cmd_rst20_out                                               |                1 |              2 |
|  u_cpu_unit/cpu_i/microblaze_mcs_0/inst/mdm_0/U0/Use_E2.BSCAN_I/Ext_JTAG_UPDATE         | u_cpu_unit/cpu_i/microblaze_mcs_0/inst/microblaze_I/U0/MicroBlaze_Core_I/Area.Core/Implement_Debug_Logic.Master_Core.Debug_Area/Control_Reg_En                                                                                        | u_cpu_unit/cpu_i/microblaze_mcs_0/inst/microblaze_I/U0/MicroBlaze_Core_I/Area.Core/Implement_Debug_Logic.Master_Core.Debug_Area/force_stop_cmd_rst21_out                                                |                1 |              2 |
|  u_cpu_unit/cpu_i/microblaze_mcs_0/inst/mdm_0/U0/Use_E2.BSCAN_I/Ext_JTAG_UPDATE         | u_cpu_unit/cpu_i/microblaze_mcs_0/inst/microblaze_I/U0/MicroBlaze_Core_I/Area.Core/Implement_Debug_Logic.Master_Core.Debug_Area/Control_Reg_En                                                                                        | u_cpu_unit/cpu_i/microblaze_mcs_0/inst/microblaze_I/U0/MicroBlaze_Core_I/Area.Core/Implement_Debug_Logic.Master_Core.Debug_Area/start_single_step_reg_n_0                                               |                1 |              2 |
|  u_clock_gen/clock_i/clk_wiz_0/inst/clk_out1                                            |                                                                                                                                                                                                                                       | u_cpu_unit/cpu_i/microblaze_mcs_0/inst/microblaze_I/U0/MicroBlaze_Core_I/Area.Core/Implement_Debug_Logic.Master_Core.Debug_Area/capture_1                                                               |                1 |              2 |
| ~u_cpu_unit/cpu_i/microblaze_mcs_0/inst/mdm_0/U0/Use_E2.BSCAN_I/Ext_JTAG_UPDATE         |                                                                                                                                                                                                                                       | u_cpu_unit/cpu_i/microblaze_mcs_0/inst/mdm_0/U0/MDM_Core_I1/JTAG_CONTROL_I/sel_n                                                                                                                        |                1 |              2 |
|  u_cpu_unit/cpu_i/microblaze_mcs_0/inst/mdm_0/U0/No_Dbg_Reg_Access.BUFG_DRCK/Dbg_Clk_31 | u_cpu_unit/cpu_i/microblaze_mcs_0/inst/mdm_0/U0/Use_E2.BSCAN_I/sel_n_reg                                                                                                                                                              | u_cpu_unit/cpu_i/microblaze_mcs_0/inst/mdm_0/U0/MDM_Core_I1/JTAG_CONTROL_I/sel_with_scan_reset19_out                                                                                                    |                1 |              2 |
|  u_clock_gen/clock_i/clk_wiz_0/inst/clk_out1                                            | u_mmio_unit/u_uart_slot1/u_uart/u_rx_fifo/u_fifo_ctrl/E[0]                                                                                                                                                                            | u_clock_gen/FSM_sequential_CS_reg[0]                                                                                                                                                                    |                1 |              4 |
|  u_clock_gen/clock_i/clk_wiz_0/inst/clk_out1                                            | u_mmio_unit/u_uart_slot1/u_uart/u_rx_fifo/u_fifo_ctrl/reg_file_reg[3][7][0]                                                                                                                                                           | u_clock_gen/FSM_sequential_CS_reg[0]                                                                                                                                                                    |                1 |              4 |
|  u_clock_gen/clock_i/clk_wiz_0/inst/clk_out1                                            | u_mmio_unit/u_uart_slot1/u_uart/u_rx_fifo/u_fifo_ctrl/reg_file_reg[2][7][0]                                                                                                                                                           | u_clock_gen/FSM_sequential_CS_reg[0]                                                                                                                                                                    |                1 |              4 |
|  u_clock_gen/clock_i/clk_wiz_0/inst/clk_out1                                            | u_mmio_unit/u_uart_slot1/u_uart/u_rx_fifo/u_fifo_ctrl/reg_file_reg[0][0][0]                                                                                                                                                           | u_clock_gen/FSM_sequential_CS_reg[0]                                                                                                                                                                    |                1 |              4 |
|  u_cpu_unit/cpu_i/microblaze_mcs_0/inst/mdm_0/U0/Use_E2.BSCAN_I/Ext_JTAG_UPDATE         | u_cpu_unit/cpu_i/microblaze_mcs_0/inst/microblaze_I/U0/MicroBlaze_Core_I/Area.Core/Implement_Debug_Logic.Master_Core.Debug_Area/Command_Reg_En                                                                                        | u_cpu_unit/cpu_i/microblaze_mcs_0/inst/microblaze_I/U0/MicroBlaze_Core_I/Area.Core/Implement_Debug_Logic.Master_Core.Debug_Area/command_reg_clear                                                       |                1 |              4 |
|  u_cpu_unit/cpu_i/microblaze_mcs_0/inst/mdm_0/U0/Use_E2.BSCAN_I/Ext_JTAG_UPDATE         |                                                                                                                                                                                                                                       |                                                                                                                                                                                                         |                2 |              6 |
|  u_clock_gen/clock_i/clk_wiz_0/inst/clk_out1                                            | u_cpu_unit/cpu_i/microblaze_mcs_0/inst/microblaze_I/U0/MicroBlaze_Core_I/Area.Core/Decode_I/Using_FPGA.of_PipeRun_MuxCY_1/OF_PipeRun                                                                                                  | u_cpu_unit/cpu_i/microblaze_mcs_0/inst/microblaze_I/U0/MicroBlaze_Core_I/sync_reset                                                                                                                     |                1 |              6 |
|  u_cpu_unit/cpu_i/microblaze_mcs_0/inst/mdm_0/U0/No_Dbg_Reg_Access.BUFG_DRCK/Dbg_Clk_31 | u_cpu_unit/cpu_i/microblaze_mcs_0/inst/mdm_0/U0/MDM_Core_I1/p_3_out                                                                                                                                                                   | u_cpu_unit/cpu_i/microblaze_mcs_0/inst/mdm_0/U0/Use_E2.BSCAN_I/AR[0]                                                                                                                                    |                1 |              8 |
|  u_clock_gen/clock_i/clk_wiz_0/inst/clk_out1                                            | u_mmio_unit/u_uart_slot1/u_uart/u_uart_rx/s_next                                                                                                                                                                                      | u_clock_gen/b_reg_reg[6]                                                                                                                                                                                |                2 |              8 |
|  u_clock_gen/clock_i/clk_wiz_0/inst/clk_out1                                            |                                                                                                                                                                                                                                       | u_cpu_unit/cpu_i/microblaze_mcs_0/inst/microblaze_I/U0/MicroBlaze_Core_I/Area.Core/Implement_Debug_Logic.Master_Core.Debug_Area/Area_Debug_Control.Stop_CPU_FDRSE/R                                     |                2 |              8 |
|  u_clock_gen/clock_i/clk_wiz_0/inst/clk_out1                                            |                                                                                                                                                                                                                                       | u_cpu_unit/cpu_i/microblaze_mcs_0/inst/rst_0/U0/bus_struct_reset[0]                                                                                                                                     |                1 |              8 |
|  u_clock_gen/clock_i/clk_wiz_0/inst/clk_out1                                            |                                                                                                                                                                                                                                       | u_cpu_unit/cpu_i/microblaze_mcs_0/inst/rst_0/U0/peripheral_reset[0]                                                                                                                                     |                2 |              8 |
|  u_clock_gen/clock_i/clk_wiz_0/inst/clk_out1                                            | u_mmio_unit/u_uart_slot1/u_uart/u_uart_tx/s_next                                                                                                                                                                                      | u_clock_gen/FSM_sequential_CS_reg[0]                                                                                                                                                                    |                2 |              8 |
|  u_clock_gen/clock_i/clk_wiz_0/inst/clk_out1                                            | u_mmio_unit/u_uart_slot1/u_uart/u_baud_gen/b_next                                                                                                                                                                                     | u_clock_gen/FSM_sequential_CS_reg[0]                                                                                                                                                                    |                1 |              8 |
|  u_cpu_unit/cpu_i/microblaze_mcs_0/inst/mdm_0/U0/Use_E2.BSCAN_I/Ext_JTAG_UPDATE         | u_cpu_unit/cpu_i/microblaze_mcs_0/inst/mdm_0/U0/MDM_Core_I1/MDM_SEL                                                                                                                                                                   | u_cpu_unit/cpu_i/microblaze_mcs_0/inst/mdm_0/U0/Use_E2.BSCAN_I/AR[0]                                                                                                                                    |                1 |              8 |
|  u_cpu_unit/cpu_i/microblaze_mcs_0/inst/mdm_0/U0/Use_E2.BSCAN_I/Ext_JTAG_UPDATE         | u_cpu_unit/cpu_i/microblaze_mcs_0/inst/microblaze_I/U0/MicroBlaze_Core_I/Area.Core/Implement_Debug_Logic.Master_Core.Debug_Area/Control_Reg_En                                                                                        |                                                                                                                                                                                                         |                2 |              8 |
|  u_clock_gen/clock_i/clk_wiz_0/inst/clk_out1                                            | u_mmio_unit/u_uart_slot1/u_uart/u_baud_gen/b_next                                                                                                                                                                                     | u_clock_gen/b_reg_reg[6]                                                                                                                                                                                |                1 |              8 |
| ~u_cpu_unit/cpu_i/microblaze_mcs_0/inst/mdm_0/U0/Use_E2.BSCAN_I/Ext_JTAG_UPDATE         |                                                                                                                                                                                                                                       | u_cpu_unit/cpu_i/microblaze_mcs_0/inst/mdm_0/U0/Use_E2.BSCAN_I/AR[0]                                                                                                                                    |                1 |              8 |
|  u_clock_gen/clock_i/clk_wiz_0/inst/clk_out1                                            |                                                                                                                                                                                                                                       | u_cpu_unit/cpu_i/microblaze_mcs_0/inst/rst_0/U0/EXT_LPF/lpf_int                                                                                                                                         |                1 |             10 |
|  u_clock_gen/clock_i/clk_wiz_0/inst/clk_out1                                            |                                                                                                                                                                                                                                       | u_clock_gen/pwm_reg_reg[0]                                                                                                                                                                              |                6 |             12 |
|  u_cpu_unit/cpu_i/microblaze_mcs_0/inst/mdm_0/U0/No_Dbg_Reg_Access.BUFG_DRCK/Dbg_Clk_31 | u_cpu_unit/cpu_i/microblaze_mcs_0/inst/mdm_0/U0/MDM_Core_I1/JTAG_CONTROL_I/Use_BSCAN.FDC_I/Use_Serial_Unified_Completion.sample_1_reg[10][0]                                                                                          |                                                                                                                                                                                                         |                2 |             12 |
|  u_cpu_unit/cpu_i/microblaze_mcs_0/inst/mdm_0/U0/No_Dbg_Reg_Access.BUFG_DRCK/Dbg_Clk_31 | u_cpu_unit/cpu_i/microblaze_mcs_0/inst/mdm_0/U0/Use_E2.BSCAN_I/Use_Serial_Unified_Completion.count_reg[5][0]                                                                                                                          |                                                                                                                                                                                                         |                2 |             12 |
|  u_clock_gen/clock_i/clk_wiz_0/inst/clk_out1                                            | u_mmio_unit/u_uart_slot1/u_uart/u_rx_fifo/u_fifo_ctrl/reg_file_reg[3][7][0]                                                                                                                                                           | u_clock_gen/b_reg_reg[6]                                                                                                                                                                                |                1 |             12 |
|  u_cpu_unit/cpu_i/microblaze_mcs_0/inst/mdm_0/U0/No_Dbg_Reg_Access.BUFG_DRCK/Dbg_Clk_31 | u_cpu_unit/cpu_i/microblaze_mcs_0/inst/mdm_0/U0/Use_E2.BSCAN_I/E[0]                                                                                                                                                                   |                                                                                                                                                                                                         |                2 |             12 |
|  u_clock_gen/clock_i/clk_wiz_0/inst/clk_out1                                            | u_cpu_unit/gpo_reg_reg[0][0]                                                                                                                                                                                                          | u_clock_gen/pwm_reg_reg[0]                                                                                                                                                                              |                2 |             12 |
|  u_clock_gen/clock_i/clk_wiz_0/inst/clk_out1                                            | u_mmio_unit/u_uart_slot1/u_uart/u_rx_fifo/u_fifo_ctrl/reg_file_reg[0][0][0]                                                                                                                                                           | u_clock_gen/b_reg_reg[6]                                                                                                                                                                                |                3 |             12 |
|  u_clock_gen/clock_i/clk_wiz_0/inst/clk_out1                                            | u_cpu_unit/cpu_i/microblaze_mcs_0/inst/rst_0/U0/SEQ/seq_cnt_en                                                                                                                                                                        | u_cpu_unit/cpu_i/microblaze_mcs_0/inst/rst_0/U0/SEQ/SEQ_COUNTER/clear                                                                                                                                   |                1 |             12 |
|  u_clock_gen/clock_i/clk_wiz_0/inst/clk_out1                                            | u_cpu_unit/gpi_reg_reg[0][0]                                                                                                                                                                                                          | u_clock_gen/FSM_sequential_CS_reg[0]                                                                                                                                                                    |                2 |             12 |
|  u_clock_gen/clock_i/clk_wiz_0/inst/clk_out1                                            | u_mmio_unit/u_uart_slot1/u_uart/u_rx_fifo/u_fifo_ctrl/reg_file_reg[2][7][0]                                                                                                                                                           | u_clock_gen/b_reg_reg[6]                                                                                                                                                                                |                1 |             12 |
|  u_clock_gen/clock_i/clk_wiz_0/inst/clk_out1                                            | u_mmio_unit/u_uart_slot1/u_uart/u_rx_fifo/u_fifo_ctrl/E[0]                                                                                                                                                                            | u_clock_gen/b_reg_reg[6]                                                                                                                                                                                |                1 |             12 |
|  u_cpu_unit/cpu_i/microblaze_mcs_0/inst/mdm_0/U0/No_Dbg_Reg_Access.BUFG_DRCK/Dbg_Clk_31 | u_cpu_unit/cpu_i/microblaze_mcs_0/inst/microblaze_I/U0/MicroBlaze_Core_I/Area.Core/Implement_Debug_Logic.Master_Core.Debug_Area/Using_PC_Breakpoints.All_PC_Brks[0].Serial_Interface_1.address_hit_I/Compare[0].SRLC16E_I/which_pc__0 |                                                                                                                                                                                                         |                7 |             16 |
|  u_cpu_unit/cpu_i/microblaze_mcs_0/inst/mdm_0/U0/Use_E2.BSCAN_I/Ext_JTAG_UPDATE         | u_cpu_unit/cpu_i/microblaze_mcs_0/inst/mdm_0/U0/MDM_Core_I1/JTAG_CONTROL_I/Use_BSCAN.FDC_I/command_1_reg[7]_0[0]                                                                                                                      |                                                                                                                                                                                                         |                2 |             16 |
|  u_clock_gen/clock_i/clk_wiz_0/inst/clk_out1                                            |                                                                                                                                                                                                                                       | u_clock_gen/b_reg_reg[6]                                                                                                                                                                                |                5 |             16 |
|  u_clock_gen/clock_i/clk_wiz_0/inst/clk_out1                                            | u_mmio_unit/u_uart_slot1/u_uart/u_tx_fifo/u_fifo_ctrl/reg_file_reg[2][7][0]                                                                                                                                                           | u_clock_gen/FSM_sequential_CS_reg[0]                                                                                                                                                                    |                2 |             16 |
|  u_clock_gen/clock_i/clk_wiz_0/inst/clk_out1                                            | u_mmio_unit/u_uart_slot1/u_uart/u_tx_fifo/u_fifo_ctrl/E[0]                                                                                                                                                                            | u_clock_gen/FSM_sequential_CS_reg[0]                                                                                                                                                                    |                1 |             16 |
|  u_clock_gen/clock_i/clk_wiz_0/inst/clk_out1                                            | u_mmio_unit/u_uart_slot1/u_uart/u_tx_fifo/u_fifo_ctrl/reg_file_reg[3][7][0]                                                                                                                                                           | u_clock_gen/FSM_sequential_CS_reg[0]                                                                                                                                                                    |                1 |             16 |
|  u_clock_gen/clock_i/clk_wiz_0/inst/clk_out1                                            | u_mmio_unit/u_uart_slot1/u_uart/u_tx_fifo/u_fifo_ctrl/reg_file_reg[0][0][0]                                                                                                                                                           | u_clock_gen/FSM_sequential_CS_reg[0]                                                                                                                                                                    |                2 |             16 |
|  u_clock_gen/clock_i/clk_wiz_0/inst/clk_out1                                            | u_mmio_unit/u_uart_slot1/u_uart/u_uart_tx/b_next_0                                                                                                                                                                                    | u_clock_gen/FSM_sequential_CS_reg[0]                                                                                                                                                                    |                2 |             16 |
|  u_clock_gen/clock_i/clk_wiz_0/inst/clk_out1                                            | u_cpu_unit/E[0]                                                                                                                                                                                                                       | u_clock_gen/b_reg_reg[6]                                                                                                                                                                                |                2 |             16 |
|  u_clock_gen/clock_i/clk_wiz_0/inst/clk_out1                                            | u_mmio_unit/u_uart_slot1/u_uart/u_uart_tx/tx_done_tick                                                                                                                                                                                | u_clock_gen/FSM_sequential_CS_reg[0]                                                                                                                                                                    |                2 |             16 |
|  u_clock_gen/clock_i/clk_wiz_0/inst/clk_out1                                            | u_cpu_unit/cpu_i/microblaze_mcs_0/inst/microblaze_I/U0/MicroBlaze_Core_I/Area.Core/Decode_I/Using_FPGA.of_PipeRun_MuxCY_1/Using_FPGA.Native_0                                                                                         | u_cpu_unit/cpu_i/microblaze_mcs_0/inst/microblaze_I/U0/MicroBlaze_Core_I/Area.Core/Decode_I/Using_FPGA.MUXCY_JUMP_CARRY3/S65_out                                                                        |                2 |             16 |
|  u_cpu_unit/cpu_i/microblaze_mcs_0/inst/mdm_0/U0/No_Dbg_Reg_Access.BUFG_DRCK/Dbg_Clk_31 | u_cpu_unit/cpu_i/microblaze_mcs_0/inst/mdm_0/U0/MDM_Core_I1/JTAG_CONTROL_I/tdi_shifter0                                                                                                                                               |                                                                                                                                                                                                         |                3 |             16 |
| ~u_cpu_unit/cpu_i/microblaze_mcs_0/inst/mdm_0/U0/Use_E2.BSCAN_I/Ext_JTAG_UPDATE         | u_cpu_unit/cpu_i/microblaze_mcs_0/inst/mdm_0/U0/MDM_Core_I1/JTAG_CONTROL_I/Use_BSCAN.command[0]_i_1_n_0                                                                                                                               |                                                                                                                                                                                                         |                2 |             16 |
|  u_clock_gen/clock_i/clk_wiz_0/inst/clk_out1                                            | u_cpu_unit/gpi_reg_reg[0][0]                                                                                                                                                                                                          | u_clock_gen/b_reg_reg[6]                                                                                                                                                                                |                2 |             18 |
|  u_cpu_unit/cpu_i/microblaze_mcs_0/inst/mdm_0/U0/No_Dbg_Reg_Access.BUFG_DRCK/Dbg_Clk_31 | u_cpu_unit/cpu_i/microblaze_mcs_0/inst/mdm_0/U0/MDM_Core_I1/JTAG_CONTROL_I/Use_BSCAN.FDC_I/E[0]                                                                                                                                       |                                                                                                                                                                                                         |                4 |             20 |
|  u_clock_gen/clock_i/clk_wiz_0/inst/clk_out1                                            | u_mmio_unit/u_pwm_slot6/sel                                                                                                                                                                                                           | u_clock_gen/pwm_reg_reg[0]                                                                                                                                                                              |                2 |             20 |
|  u_clock_gen/clock_i/clk_wiz_0/inst/clk_out1                                            | u_cpu_unit/dvsr_reg_reg[0]_0[0]                                                                                                                                                                                                       | u_clock_gen/FSM_sequential_CS_reg[0]                                                                                                                                                                    |                3 |             20 |
|  u_clock_gen/clock_i/clk_wiz_0/inst/clk_out1                                            | u_cpu_unit/duty_2d_arr_reg[4][0][0]                                                                                                                                                                                                   | u_clock_gen/pwm_reg_reg[0]                                                                                                                                                                              |                2 |             22 |
|  u_clock_gen/clock_i/clk_wiz_0/inst/clk_out1                                            | u_cpu_unit/duty_2d_arr_reg[0][0][0]                                                                                                                                                                                                   | u_clock_gen/pwm_reg_reg[0]                                                                                                                                                                              |                2 |             22 |
|  u_clock_gen/clock_i/clk_wiz_0/inst/clk_out1                                            | u_cpu_unit/duty_2d_arr_reg[1][0][0]                                                                                                                                                                                                   | u_clock_gen/pwm_reg_reg[0]                                                                                                                                                                              |                3 |             22 |
|  u_clock_gen/clock_i/clk_wiz_0/inst/clk_out1                                            | u_cpu_unit/duty_2d_arr_reg[3][0][0]                                                                                                                                                                                                   | u_clock_gen/pwm_reg_reg[0]                                                                                                                                                                              |                2 |             22 |
|  u_clock_gen/clock_i/clk_wiz_0/inst/clk_out1                                            | u_cpu_unit/duty_2d_arr_reg[5][0][0]                                                                                                                                                                                                   | u_clock_gen/pwm_reg_reg[0]                                                                                                                                                                              |                3 |             22 |
|  u_clock_gen/clock_i/clk_wiz_0/inst/clk_out1                                            | u_cpu_unit/duty_2d_arr_reg[2][10][0]                                                                                                                                                                                                  | u_clock_gen/pwm_reg_reg[0]                                                                                                                                                                              |                2 |             22 |
|  u_clock_gen/clock_i/clk_wiz_0/inst/clk_out1                                            | u_cpu_unit/cpu_i/microblaze_mcs_0/inst/microblaze_I/U0/MicroBlaze_Core_I/Area.Core/Decode_I/Using_FPGA.of_PipeRun_MuxCY_1/OF_PipeRun                                                                                                  |                                                                                                                                                                                                         |                2 |             30 |
|  u_clock_gen/clock_i/clk_wiz_0/inst/clk_out1                                            | u_cpu_unit/cpu_i/microblaze_mcs_0/inst/microblaze_I/U0/MicroBlaze_Core_I/Area.Core/Decode_I/Using_FPGA.MUXCY_JUMP_CARRY3/PC_Write                                                                                                     | u_cpu_unit/cpu_i/microblaze_mcs_0/inst/microblaze_I/U0/MicroBlaze_Core_I/sync_reset                                                                                                                     |                4 |             30 |
|  u_clock_gen/clock_i/clk_wiz_0/inst/clk_out1                                            | u_cpu_unit/cpu_i/microblaze_mcs_0/inst/microblaze_I/U0/MicroBlaze_Core_I/Area.Core/Decode_I/PreFetch_Buffer_I/PreFetch_Buffers[0].SRL16E_I/E[0]                                                                                       | u_cpu_unit/cpu_i/microblaze_mcs_0/inst/microblaze_I/U0/MicroBlaze_Core_I/sync_reset                                                                                                                     |                7 |             32 |
|  u_cpu_unit/cpu_i/microblaze_mcs_0/inst/mdm_0/U0/No_Dbg_Reg_Access.BUFG_DRCK/Dbg_Clk_31 |                                                                                                                                                                                                                                       | u_cpu_unit/cpu_i/microblaze_mcs_0/inst/mdm_0/U0/Use_E2.BSCAN_I/shift_n_reset1_out                                                                                                                       |                3 |             46 |
|  u_clock_gen/clock_i/clk_wiz_0/inst/clk_out1                                            |                                                                                                                                                                                                                                       | u_clock_gen/FSM_sequential_CS_reg[0]                                                                                                                                                                    |                8 |             50 |
|  u_clock_gen/clock_i/clk_wiz_0/inst/clk_out1                                            | u_cpu_unit/cpu_i/microblaze_mcs_0/inst/microblaze_I/U0/MicroBlaze_Core_I/Area.Core/Implement_Debug_Logic.Master_Core.Debug_Area/Area_Debug_Control.Stop_Instr_Fetch_FDRSE/E[0]                                                        | u_cpu_unit/cpu_i/microblaze_mcs_0/inst/microblaze_I/U0/MicroBlaze_Core_I/sync_reset                                                                                                                     |                8 |             64 |
|  u_cpu_unit/cpu_i/microblaze_mcs_0/inst/mdm_0/U0/No_Dbg_Reg_Access.BUFG_DRCK/Dbg_Clk_31 | u_cpu_unit/cpu_i/microblaze_mcs_0/inst/microblaze_I/U0/MicroBlaze_Core_I/Area.Core/Implement_Debug_Logic.Master_Core.Debug_Area/New_Dbg_Instr_TCK                                                                                     |                                                                                                                                                                                                         |               10 |             64 |
|  u_clock_gen/clock_i/clk_wiz_0/inst/clk_out1                                            |                                                                                                                                                                                                                                       | u_cpu_unit/cpu_i/microblaze_mcs_0/inst/iomodule_0/U0/Using_IO_Bus.io_bus_read_data[31]_i_1_n_0                                                                                                          |               14 |             64 |
|  u_clock_gen/clock_i/clk_wiz_0/inst/clk_out1                                            | u_cpu_unit/dvsr_reg_reg[0][0]                                                                                                                                                                                                         | u_clock_gen/tx_reg_reg                                                                                                                                                                                  |                5 |             64 |
|  u_clock_gen/clock_i/clk_wiz_0/inst/clk_out1                                            | u_cpu_unit/cpu_i/microblaze_mcs_0/inst/microblaze_I/U0/MicroBlaze_Core_I/Area.Core/Decode_I/Using_FPGA.of_PipeRun_MuxCY_1/Using_FPGA.Native_0                                                                                         |                                                                                                                                                                                                         |               18 |             64 |
|  u_clock_gen/clock_i/clk_wiz_0/inst/clk_out1                                            |                                                                                                                                                                                                                                       | u_clock_gen/tx_reg_reg                                                                                                                                                                                  |                9 |             66 |
|  u_cpu_unit/cpu_i/microblaze_mcs_0/inst/mdm_0/U0/No_Dbg_Reg_Access.BUFG_DRCK/Dbg_Clk_31 | u_cpu_unit/cpu_i/microblaze_mcs_0/inst/mdm_0/U0/Use_E2.BSCAN_I/sel_n_reg                                                                                                                                                              |                                                                                                                                                                                                         |               12 |             92 |
|  u_clock_gen/clock_i/clk_wiz_0/inst/clk_out1                                            | u_cpu_unit/cpu_i/microblaze_mcs_0/inst/microblaze_I/U0/MicroBlaze_Core_I/Area.Core/Decode_I/Using_FPGA.clean_iReady_MuxCY/IReady                                                                                                      |                                                                                                                                                                                                         |               14 |             94 |
|  u_clock_gen/clock_i/clk_wiz_0/inst/clk_out1                                            | u_mmio_unit/u_timer_slot0/counter_reg[47]_i_1_n_0                                                                                                                                                                                     | u_clock_gen/b_reg_reg[6]                                                                                                                                                                                |               11 |             96 |
|  u_clock_gen/clock_i/clk_wiz_0/inst/clk_out1                                            | u_cpu_unit/cpu_i/microblaze_mcs_0/inst/iomodule_0/U0/p_22_out                                                                                                                                                                         | u_cpu_unit/cpu_i/microblaze_mcs_0/inst/rst_0/U0/peripheral_reset[0]                                                                                                                                     |               18 |            104 |
|  u_clock_gen/clock_i/clk_wiz_0/inst/clk_out1                                            |                                                                                                                                                                                                                                       | u_cpu_unit/cpu_i/microblaze_mcs_0/inst/microblaze_I/U0/MicroBlaze_Core_I/sync_reset                                                                                                                     |               20 |            152 |
|  u_cpu_unit/cpu_i/microblaze_mcs_0/inst/mdm_0/U0/No_Dbg_Reg_Access.BUFG_DRCK/Dbg_Clk_31 |                                                                                                                                                                                                                                       |                                                                                                                                                                                                         |               31 |            160 |
|  u_clock_gen/clock_i/clk_wiz_0/inst/clk_out1                                            | u_cpu_unit/cpu_i/microblaze_mcs_0/inst/microblaze_I/U0/MicroBlaze_Core_I/Area.Core/Decode_I/Using_FPGA.of_PipeRun_MuxCY_1/Using_FPGA.Native_0                                                                                         | u_cpu_unit/cpu_i/microblaze_mcs_0/inst/microblaze_I/U0/MicroBlaze_Core_I/sync_reset                                                                                                                     |               23 |            182 |
|  u_clock_gen/clock_i/clk_wiz_0/inst/clk_out1                                            |                                                                                                                                                                                                                                       |                                                                                                                                                                                                         |               41 |            210 |
|  u_clock_gen/clock_i/clk_wiz_0/inst/clk_out1                                            | u_cpu_unit/cpu_i/microblaze_mcs_0/inst/microblaze_I/U0/MicroBlaze_Core_I/Area.Core/Decode_I/Reg_Write                                                                                                                                 |                                                                                                                                                                                                         |               32 |            256 |
+-----------------------------------------------------------------------------------------+---------------------------------------------------------------------------------------------------------------------------------------------------------------------------------------------------------------------------------------+---------------------------------------------------------------------------------------------------------------------------------------------------------------------------------------------------------+------------------+----------------+


